                                ;*** AILZ80ASM *** Z-80 Assembler, version 1.0.28.0, LST:Full:4
000000 1200                             ORG     1200H
                                        
       1200                     ST0:
000000 1200 D3E0            11          OUT     (0E0H),A                        ;0000h-0FFFhをRAMに切り替え
000002 1202 110000          10          LD      DE,0000H                        ;ENT6～ENT6+1000hを0000h～0FFFhへコピー
000005 1205 21C61B          10          LD      HL,ST0+TENSO-ST0+DBRCV0-ENT0+ENT6-DBRCV2
000008 1208 010010          10          LD      BC,1000H
00000B 120B EDB0                        LDIR
                                
00000D 120D 1100C1          10          LD      DE,ENT0                         ;SDアクセスルーチンをC100hへコピー
000010 1210 216012          10          LD      HL,TENSO
000013 1213 016609          10          LD      BC,DBRCV0-ENT0+ENT6-DBRCV2
000016 1216 EDB0                        LDIR
                                
000018 1218 218500          10          LD      HL,0085H                        ;起動ジャンプ先をE800hから0085hに変更
00001B 121B 220100          16          LD      (0001H),HL
                                        
00001E 121E 2100C1          10          LD      HL,ENT0                         ;Fコマンドのジャンプ先をF000hからC100hに変更
000021 1221 22F700          16          LD      (00F7H),HL
                                        
000024 1224 210000          10          LD      HL,0000H                        ;E800hにROMが存在するとROMにジャンプしてしまうのを抑制
000027 1227 22AB00          16          LD      (00ABH),HL
                                        
00002A 122A AF               4          XOR     A
00002B 122B 32AA00          13          LD      (00AAH),A
                                
00002E 122E 3EC3             7          LD      A,0C3H
000030 1230 323604          13          LD      (0436H),A
000033 1233 2104C1          10          LD      HL,ENT1                         ;MSHED
000036 1236 223704          16          LD      (0437H),HL
000039 1239 327504          13          LD      (0475H),A
00003C 123C 2107C1          10          LD      HL,ENT2                         ;MSDAT
00003F 123F 227604          16          LD      (0476H),HL
000042 1242 32D804          13          LD      (04D8H),A
000045 1245 210AC1          10          LD      HL,ENT3                         ;MLHED
000048 1248 22D904          16          LD      (04D9H),HL
00004B 124B 32F804          13          LD      (04F8H),A
00004E 124E 210DC1          10          LD      HL,ENT4                         ;MLDAT
000051 1251 22F904          16          LD      (04F9H),HL
000054 1254 328805          13          LD      (0588H),A
000057 1257 2110C1          10          LD      HL,ENT5                         ;MVRFY
00005A 125A 228905          16          LD      (0589H),HL
                                
00005D 125D C30000          10          JP      0000H                           ;MONITOR START
                                
       1260                     TENSO:
                                
                                ;
       0003                     GETL        EQU     0003H
       0006                     LETLN       EQU     0006H
       0009                     NEWLIN      EQU     0009H
       000C                     PRNTS       EQU     000CH
       0015                     MSGPR       EQU     0015H
       0018                     PLIST       EQU     0018H
       001B                     GETKEY      EQU     001BH
       03BA                     PRTWRD      EQU     03BAH
       03C3                     PRTBYT      EQU     03C3H
       0410                     HLHEX       EQU     0410H
       041F                     TWOHEX      EQU     041FH
       0BB9                     ADCN        EQU     0BB9H
       0DB5                     DISPCH      EQU     0DB5H
       0DDC                     DPCT        EQU     0DDCH
       10F0                     IBUFE       EQU     10F0H
       10F1                     FNAME       EQU     10F1H
       1102                     EADRS       EQU     1102H
       1102                     FSIZE       EQU     1102H
       1104                     SADRS       EQU     1104H
       1106                     EXEAD       EQU     1106H
       1171                     DSPX        EQU     1171H
       11A3                     LBUF        EQU     11A3H
       11AE                     MBUF        EQU     11AEH
       0082                     MONITOR_80K EQU     0082H
       00AD                     MONITOR_700 EQU     00ADH
                                
                                ;0A0H PORTA 送信データ(下位4ビット)
                                ;0A1H PORTB 受信データ(8ビット)
                                ;
                                ;0A2H PORTC Bit
                                ;7 IN  CHK
                                ;6 IN
                                ;5 IN
                                ;4 IN 
                                ;3 OUT
                                ;2 OUT FLG
                                ;1 OUT
                                ;0 OUT
                                ;
                                ;0A3H コントロールレジスタ
                                
                                
000060 C100                            ORG      0C100H,TENSO-ST0
                                
       C100                     ENT0:
000060 C100 00               4          NOP                   ;ROM識別コード
000061 C101 C313C1          10          JP      START
                                ;******************** MONITOR CMTルーチン代替 *************************************
000064 C104 C302C8          10  ENT1:   JP      MSHED
000067 C107 C34FC8          10  ENT2:   JP      MSDAT
00006A C10A C382C8          10  ENT3:   JP      MLHED
00006D C10D C369C9          10  ENT4:   JP      MLDAT
000070 C110 C39BC9          10  ENT5:   JP      MVRFY
                                        
000073 C113 CD78C1          17  START:  CALL    INIT
000076 C116 11A311          10          LD      DE,LBUF     ;MZ-80K、MZ-700とも起動コマンドは'*FD'に統一
000079 C119 1A               7          LD      A,(DE)
00007A C11A FE2A             7          CP      '*'
00007C C11C C28FC2          10          JP      NZ,MON
00007F C11F 13               6          INC     DE
000080 C120 1A               7          LD      A,(DE)
000081 C121 FE46             7          CP      'F'
000083 C123 C28FC2          10          JP      NZ,MON
000086 C126 13               6          INC     DE
000087 C127 1A               7          LD      A,(DE)
000088 C128 FE44             7          CP      'D'
00008A C12A C28FC2          10          JP      NZ,MON
                                        
00008D C12D 13               6          INC     DE          ;FDの次の文字へ移動
00008E C12E 1A               7  STT2:   LD      A,(DE)
00008F C12F FE20             7          CP      20H         ;FDの後に1文字空白があれば以降をファイルネームとしてロード(ファイルネームは32文字まで)
000091 C131 2850            12          JR      Z,SDLOAD
000093 C133 FE2F             7          CP      '/'         ;FDの後が'/'なら以降をファイルネームとしてロード、実行はしない(ファイルネームは32文字まで)
000095 C135 284C            12          JR      Z,SDLOAD
000097 C137 FE0D             7          CP      0DH         ;FDだけで改行の場合にはDEFNAMEの文字列をファイルネームとしてロード
000099 C139 200D            12          JR      NZ,STETC    ;該当なしなら他コマンドをチェック
00009B C13B D5              11  STT3:   PUSH    DE          ;設定ファイル名(0000.mzt)を転送
00009C C13C 21F8C7          10          LD      HL,DEFNAME
00009F C13F 13               6          INC     DE
0000A0 C140 010500          10          LD      BC,NEND-DEFNAME
0000A3 C143 EDB0                        LDIR
0000A5 C145 D1              10          POP     DE
0000A6 C146 183B            12          JR      SDLOAD      ;LOAD処理へ
       C148                     STETC:
0000A8 C148 FE53             7          CP      'S'         ;FDS:SAVE処理へ
0000AA C14A CAF2C1          10          JP      Z,STSV
0000AD C14D FE41             7          CP      'A'         ;FDA:自動起動ファイル設定処理へ
0000AF C14F CA05C3          10          JP      Z,STAS
0000B2 C152 FE4C             7          CP      'L'         ;FDL:ファイル一覧表示
0000B4 C154 CA10C3          10          JP      Z,STLT
0000B7 C157 FE44             7          CP      'D'         ;FDD:DELETE
0000B9 C159 CAABC3          10          JP      Z,STDE
0000BC C15C FE52             7          CP      'R'         ;FDR:RENAME
0000BE C15E CAE8C3          10          JP      Z,STRN
0000C1 C161 FE50             7          CP      'P'         ;FDP:DUMP
0000C3 C163 CA15C4          10          JP      Z,STPR
0000C6 C166 FE43             7          CP      'C'         ;FDC:COPY
0000C8 C168 CABAC4          10          JP      Z,STCP
0000CB C16B FE4D             7          CP      'M'         ;FDM:MEMORY DUMP
0000CD C16D CAE7C4          10          JP      Z,STMD
0000D0 C170 FE57             7          CP      'W'         ;FDW:MEMORY WRITE
0000D2 C172 CA6CC5          10          JP      Z,STMW
0000D5 C175 C33FC2          10          JP      CMDERR
                                
                                ;**** 8255初期化 ****
                                ;PORTC下位BITをOUTPUT、上位BITをINPUT、PORTBをINPUT、PORTAをOUTPUT
0000D8 C178 3E8A             7  INIT:   LD      A,8AH
0000DA C17A D3DB            11          OUT     (0DBH),A
                                ;出力BITをリセット
0000DC C17C 3E00             7  INIT2:  LD      A,00H      ;PORTA <- 0
0000DE C17E D3D8            11          OUT     (0D8H),A
0000E0 C180 D3DA            11          OUT     (0DAH),A   ;PORTC <- 0
0000E2 C182 C9              10          RET
                                
                                ;**** LOAD ****
                                ;受信ヘッダ情報をセットし、SDカードからLOAD実行
0000E3 C183 C3E1C9          10  SDLOAD: JP      KZCHK2
0000E6 C186 3E81             7          LD      A,81H  ;LOADコマンド81H
0000E8 C188 CD25C6          17          CALL    STCMD
0000EB C18B CD9FC1          17  SDLOAD2:CALL    HDRCV      ;ヘッダ情報受信
                                
                                ;***** 0000h～CFFFhまでのロードを確保するためにロードルーチンだけをD400hに転送、SPをD7FFhに設定してD400hへジャンプ
0000EE C18E 3100D8          10          LD      SP,0D800H
                                        
0000F1 C191 212BCA          10          LD      HL,DBRCV0
0000F4 C194 1100D4          10          LD      DE,DBRCV2
0000F7 C197 013B00          10          LD      BC,ENT6-DBRCV2
0000FA C19A EDB0                        LDIR
                                
0000FC C19C C300D4          10          JP      DBRCV2     ;データ受信
                                
                                ;ヘッダ受信
0000FF C19F 21F110          10  HDRCV:  LD      HL,FNAME
000102 C1A2 0611             7          LD      B,11H
000104 C1A4 CDB9C5          17  HDRC1:  CALL    RCVBYTE    ;ファイルネーム受信
000107 C1A7 77               7          LD      (HL),A
000108 C1A8 23               6          INC     HL
000109 C1A9 05               4          DEC     B
00010A C1AA 20F8            12          JR      NZ,HDRC1
00010C C1AC 1139C6          10          LD      DE,MSG_LD  ;ファイルネームLOADING表示
00010F C1AF CD1500          17          CALL    MSGPR
000112 C1B2 11F110          10          LD      DE,FNAME
000115 C1B5 CD1500          17          CALL    MSGPR
000118 C1B8 CD0600          17          CALL    LETLN
00011B C1BB 210411          10          LD      HL,SADRS  ;SADRS取得
00011E C1BE CDB9C5          17          CALL    RCVBYTE
000121 C1C1 77               7          LD      (HL),A
000122 C1C2 23               6          INC     HL
000123 C1C3 CDB9C5          17          CALL    RCVBYTE
000126 C1C6 77               7          LD      (HL),A
000127 C1C7 210211          10          LD      HL,FSIZE   ;FSIZE取得
00012A C1CA CDB9C5          17          CALL    RCVBYTE
00012D C1CD 77               7          LD      (HL),A
00012E C1CE 23               6          INC     HL
00012F C1CF CDB9C5          17          CALL    RCVBYTE
000132 C1D2 77               7          LD      (HL),A
000133 C1D3 210611          10          LD      HL,EXEAD   ;EXEAD取得
000136 C1D6 CDB9C5          17          CALL    RCVBYTE
000139 C1D9 77               7          LD      (HL),A
00013A C1DA 23               6          INC     HL
00013B C1DB CDB9C5          17          CALL    RCVBYTE
00013E C1DE 77               7          LD      (HL),A
00013F C1DF C9              10          RET
                                
                                ;データ受信
000140 C1E0 ED5B0211        20  DBRCV:  LD      DE,(FSIZE)
000144 C1E4 2A0411          16          LD      HL,(SADRS)
000147 C1E7 CDB9C5          17  DBRLOP: CALL    RCVBYTE
00014A C1EA 77               7          LD      (HL),A
00014B C1EB 1B               6          DEC     DE
00014C C1EC 7A               4          LD      A,D
00014D C1ED B3               4          OR      E
00014E C1EE 23               6          INC     HL
00014F C1EF 20F6            12          JR      NZ,DBRLOP   ;DE=0までLOOP
000151 C1F1 C9              10          RET
                                
                                ;**** SAVE ****
000152 C1F2 13               6  STSV:   INC     DE
000153 C1F3 13               6          INC     DE
000154 C1F4 D5              11          PUSH    DE
000155 C1F5 CD1004          17          CALL    HLHEX       ;1文字空けて4桁の16進数であればSADRSにセットして続行
000158 C1F8 383B            12          JR      C,STSV1
                                
00015A C1FA 220411          16          LD      (SADRS),HL      ;SARDS保存
00015D C1FD D1              10          POP     DE
00015E C1FE 13               6          INC     DE
00015F C1FF 13               6          INC     DE
000160 C200 13               6          INC     DE
000161 C201 13               6          INC     DE
000162 C202 13               6          INC     DE
000163 C203 D5              11          PUSH    DE          ;5文字進めて4桁の16進数であればEADRSにセットして続行
000164 C204 CD1004          17          CALL    HLHEX
000167 C207 382C            12          JR      C,STSV1
000169 C209 E5              11          PUSH    HL
00016A C20A ED4B0411        20          LD      BC,(SADRS)
00016E C20E ED42            15          SBC     HL,BC       ;EADRSがSADRSより大きくない場合はエラー
000170 C210 E1              10          POP     HL
000171 C211 2822            12          JR      Z,STSV1
000173 C213 3820            12          JR      C,STSV1
                                
000175 C215 220211          16          LD      (EADRS),HL      ;EADRS保存
000178 C218 D1              10          POP     DE
000179 C219 13               6          INC     DE
00017A C21A 13               6          INC     DE
00017B C21B 13               6          INC     DE
00017C C21C 13               6          INC     DE
00017D C21D 13               6          INC     DE          ;5文字進めて4桁の16進数であればEXEADにセットして続行
00017E C21E D5              11          PUSH    DE
00017F C21F CD1004          17          CALL    HLHEX
000182 C222 3811            12          JR      C,STSV1
                                        
000184 C224 220611          16          LD      (EXEAD),HL      ;EXEAD保存
000187 C227 D1              10          POP     DE
000188 C228 13               6          INC     DE
000189 C229 13               6          INC     DE
00018A C22A 13               6          INC     DE
00018B C22B 13               6          INC     DE
00018C C22C 13               6          INC     DE          ;5文字進めてファイルネームがあれば続行
00018D C22D 1A               7          LD      A,(DE)
00018E C22E FE31             7          CP      31H
000190 C230 3808            12          JR      C,STSV2
000192 C232 EB               4          EX      DE,HL
000193 C233 180F            12          JR      SDSAVE      ;SAVE処理へ
       C235                     STSV1:                      ;16進数4桁の取得に失敗又はEADRSがSARDSより大きくない
000195 C235 1183C6          10          LD      DE,MSG_AD
000198 C238 184F            12          JR      ERRMSG
       C23A                     STSV2:                      ;ファイルネームの取得に失敗
00019A C23A 1193C6          10          LD      DE,MSG_FNAME
00019D C23D 184A            12          JR      ERRMSG
       C23F                     CMDERR:                     ;コマンド異常
00019F C23F 11A5C6          10          LD      DE,MSG_CMD
0001A2 C242 1845            12          JR      ERRMSG
                                
                                ;送信ヘッダ情報をセットし、SDカードへSAVE実行
0001A4 C244 3E80             7  SDSAVE: LD      A,80H      ;SAVEコマンド80H
0001A6 C246 CD0BC6          17          CALL    STCD
0001A9 C249 A7               4          AND     A          ;00以外ならERROR
0001AA C24A C25FC2          10          JP      NZ,SVERR
0001AD C24D CDA9C2          17          CALL    HDSEND     ;ヘッダ情報送信
0001B0 C250 CDB9C5          17          CALL    RCVBYTE    ;状態取得(00H=OK)
0001B3 C253 A7               4          AND     A          ;00以外ならERROR
0001B4 C254 2009            12          JR      NZ,SVERR
0001B6 C256 CDEEC2          17          CALL    DBSEND     ;データ送信
0001B9 C259 114CC6          10          LD      DE,MSG_SV
0001BC C25C 182B            12          JR      ERRMSG
                                
       C25E                     SVER0:
0001BE C25E D1              10          POP     DE         ;CALL元STACKを破棄する
       C25F                     SVERR:
0001BF C25F FEF0             7          CP      0F0H
0001C1 C261 2005            12          JR      NZ,ERR3
0001C3 C263 11B5C6          10          LD      DE,MSG_F0  ;SD-CARD INITIALIZE ERROR
0001C6 C266 1821            12          JR      ERRMSG
0001C8 C268 FEF1             7  ERR3:   CP      0F1H
0001CA C26A 2005            12          JR      NZ,ERR4
0001CC C26C 11CEC6          10          LD      DE,MSG_F1  ;NOT FIND FILE
0001CF C26F 1818            12          JR      ERRMSG
0001D1 C271 FEF3             7  ERR4:   CP      0F3H
0001D3 C273 2005            12          JR      NZ,ERR5
0001D5 C275 11DCC6          10          LD      DE,MSG_F3  ;FILE EXIST
0001D8 C278 180F            12          JR      ERRMSG
0001DA C27A FEF4             7  ERR5:   CP      0F4H
0001DC C27C 2005            12          JR      NZ,ERR99
0001DE C27E 11A5C6          10          LD      DE,MSG_CMD
0001E1 C281 1806            12          JR      ERRMSG
0001E3 C283 CDC303          17  ERR99:  CALL    PRTBYT
0001E6 C286 11F1C7          10          LD      DE,MSG99   ;その他ERROR
0001E9 C289 CD1500          17  ERRMSG: CALL    MSGPR
0001EC C28C CD0600          17          CALL    LETLN
0001EF C28F 214E01          10  MON:    LD      HL,014EH
0001F2 C292 7E               7          LD      A,(HL)
0001F3 C293 FE50             7          CP      'P'             ;014EHが'P'ならMZ-80K
0001F5 C295 CA8200          10          JP      Z,MONITOR_80K
0001F8 C298 FE4E             7          CP      'N'             ;014EHが'N'ならFN-700
0001FA C29A CA8200          10          JP      Z,MONITOR_80K
0001FD C29D 21EB06          10          LD      HL,06EBH
000200 C2A0 7E               7          LD      A,(HL)
000201 C2A1 FE4D             7          CP      'M'             ;06EBHが'M'ならMZ-700
000203 C2A3 CAAD00          10          JP      Z,MONITOR_700
000206 C2A6 C30000          10          JP      0000H           ;識別できなかったら0000Hへジャンプ
                                
                                ;ヘッダ送信
000209 C2A9 E5              11  HDSEND: PUSH    HL
00020A C2AA 0620             7          LD      B,20H
00020C C2AC 7E               7  SS1:    LD      A,(HL)     ;FNAME送信
00020D C2AD CDCCC5          17          CALL    SNDBYTE
000210 C2B0 23               6          INC     HL
000211 C2B1 05               4          DEC     B
000212 C2B2 20F8            12          JR      NZ,SS1
000214 C2B4 3E0D             7          LD      A,0DH
000216 C2B6 CDCCC5          17          CALL    SNDBYTE
000219 C2B9 E1              10          POP     HL
00021A C2BA 0610             7          LD      B,10H
00021C C2BC 7E               7  SS2:    LD      A,(HL)     ;PNAME送信
00021D C2BD CDCCC5          17          CALL    SNDBYTE
000220 C2C0 23               6          INC     HL
000221 C2C1 05               4          DEC     B
000222 C2C2 20F8            12          JR      NZ,SS2
000224 C2C4 3E0D             7          LD      A,0DH
000226 C2C6 CDCCC5          17          CALL    SNDBYTE
000229 C2C9 210411          10          LD      HL,SADRS   ;SADRS送信
00022C C2CC 7E               7          LD      A,(HL)
00022D C2CD CDCCC5          17          CALL    SNDBYTE
000230 C2D0 23               6          INC     HL
000231 C2D1 7E               7          LD      A,(HL)
000232 C2D2 CDCCC5          17          CALL    SNDBYTE
000235 C2D5 210211          10          LD      HL,EADRS   ;EADRS送信
000238 C2D8 7E               7          LD      A,(HL)
000239 C2D9 CDCCC5          17          CALL    SNDBYTE
00023C C2DC 23               6          INC     HL
00023D C2DD 7E               7          LD      A,(HL)
00023E C2DE CDCCC5          17          CALL    SNDBYTE
000241 C2E1 210611          10          LD      HL,EXEAD   ;EXEAD送信
000244 C2E4 7E               7          LD      A,(HL)
000245 C2E5 CDCCC5          17          CALL    SNDBYTE
000248 C2E8 23               6          INC     HL
000249 C2E9 7E               7          LD      A,(HL)
00024A C2EA CDCCC5          17          CALL    SNDBYTE
00024D C2ED C9              10          RET
                                
                                ;データ送信
                                ;SADRSからEADRSまでを送信
00024E C2EE 2A0211          16  DBSEND: LD      HL,(EADRS)
000251 C2F1 EB               4          EX      DE,HL
000252 C2F2 2A0411          16          LD      HL,(SADRS)
000255 C2F5 7E               7  DBSLOP: LD      A,(HL)
000256 C2F6 CDCCC5          17          CALL    SNDBYTE
000259 C2F9 7C               4          LD      A,H
00025A C2FA BA               4          CP      D
00025B C2FB 2004            12          JR      NZ,DBSLP1
00025D C2FD 7D               4          LD      A,L
00025E C2FE BB               4          CP      E
00025F C2FF 2803            12          JR      Z,DBSLP2   ;HL = DE までLOOP
000261 C301 23               6  DBSLP1: INC     HL
000262 C302 18F1            12          JR      DBSLOP
000264 C304 C9              10  DBSLP2: RET
                                
                                ;**** AUTO START SET ****
000265 C305 3E82             7  STAS:   LD      A,82H      ;AUTO START SETコマンド82H
000267 C307 CD25C6          17          CALL    STCMD
00026A C30A 115BC6          10          LD      DE,MSG_AS
00026D C30D C389C2          10          JP      ERRMSG
                                
                                
                                ;**** DIRLIST ****
000270 C310 13               6  STLT:   INC     DE
000271 C311 21FDC7          10          LD      HL,DEFDIR         ;行頭に'*FD 'を付けることでカーソルを移動させリターンで実行できるように
000274 C314 010500          10          LD      BC,DEND-DEFDIR
000277 C317 CD21C3          17          CALL    DIRLIST
00027A C31A A7               4          AND     A                 ;00以外ならERROR
00027B C31B C25FC2          10          JP      NZ,SVERR
00027E C31E C38FC2          10          JP      MON
                                
                                
                                ;**** DIRLIST本体 (HL=行頭に付加する文字列の先頭アドレス BC=行頭に付加する文字列の長さ) ****
                                ;****              戻り値 A=エラーコード ****
       C321                     DIRLIST:
000281 C321 3E83             7          LD      A,83H      ;DIRLISTコマンド83Hを送信
000283 C323 CD0BC6          17          CALL    STCD       ;コマンドコード送信
000286 C326 A7               4          AND     A          ;00以外ならERROR
000287 C327 C2AAC3          10          JP      NZ,DLRET
                                        
00028A C32A C5              11          PUSH    BC
00028B C32B 0621             7          LD      B,21H
00028D C32D 1A               7  STLT1:  LD      A,(DE)
00028E C32E FE0D             7          CP      0DH
000290 C330 2002            12          JR      NZ,STLT2
000292 C332 3E00             7          LD      A,00H
000294 C334 CDCCC5          17  STLT2:  CALL    SNDBYTE           ;ページ指示を送信
000297 C337 13               6          INC     DE
000298 C338 05               4          DEC     B
000299 C339 20F2            12          JR      NZ,STLT1
00029B C33B C1              10          POP     BC
       C33C                     DL1:
00029C C33C E5              11          PUSH    HL
00029D C33D C5              11          PUSH    BC
00029E C33E 11A311          10          LD      DE,LBUF
0002A1 C341 EDB0                        LDIR
0002A3 C343 EB               4          EX      DE,HL
0002A4 C344 CDB9C5          17  DL2:    CALL    RCVBYTE           ;'00H'を受信するまでを一行とする
0002A7 C347 FE00             7          CP      00H
0002A9 C349 280C            12          JR      Z,DL3
0002AB C34B FEFF             7          CP      0FFH              ;'0FFH'を受信したら終了
0002AD C34D 2815            12          JR      Z,DL4
0002AF C34F FEFE             7          CP      0FEH              ;'0FEH'を受信したら一時停止して一文字入力待ち
0002B1 C351 2818            12          JR      Z,DL5
0002B3 C353 77               7          LD      (HL),A
0002B4 C354 23               6          INC     HL
0002B5 C355 18ED            12          JR      DL2
0002B7 C357 11A311          10  DL3:    LD      DE,LBUF           ;'00H'を受信したら一行分を表示して改行
0002BA C35A CD1500          17          CALL    MSGPR
0002BD C35D CD0600          17          CALL    LETLN
0002C0 C360 C1              10          POP     BC
0002C1 C361 E1              10          POP     HL
0002C2 C362 18D8            12          JR      DL1
0002C4 C364 CDB9C5          17  DL4:    CALL    RCVBYTE           ;状態取得(00H=OK)
0002C7 C367 C1              10          POP     BC
0002C8 C368 E1              10          POP     HL
0002C9 C369 183F            12          JR      DLRET
                                
0002CB C36B 11E7C6          10  DL5:    LD      DE,MSG_KEY1        ;HIT ANT KEY表示
0002CE C36E CD1500          17          CALL    MSGPR
0002D1 C371 3EC2             7          LD      A,0C2H
0002D3 C373 CDB50D          17          CALL    DISPCH
0002D6 C376 11FEC6          10          LD      DE,MSG_KEY2        ;HIT ANT KEY表示
0002D9 C379 CD1500          17          CALL    MSGPR
0002DC C37C CD0600          17          CALL    LETLN
0002DF C37F CD1B00          17  DL6:    CALL    GETKEY            ;1文字入力待ち
0002E2 C382 FE00             7          CP      00H
0002E4 C384 28F9            12          JR      Z,DL6
0002E6 C386 FE64             7          CP      64H               ;SHIFT+BREAKで打ち切り
0002E8 C388 2816            12          JR      Z,DL7
0002EA C38A FE12             7          CP      12H               ;カーソル↑で打ち切り
0002EC C38C 2808            12          JR      Z,DL9
0002EE C38E FE42             7          CP      42H               ;「B」で前ページ
0002F0 C390 2810            12          JR      Z,DL8
0002F2 C392 3E00             7          LD      A,00H             ;それ以外で継続
0002F4 C394 180C            12          JR      DL8
0002F6 C396 3EC2             7  DL9:    LD      A,0C2H            ;カーソル↑で打ち切ったときにカーソル2行上へ
0002F8 C398 CDDC0D          17          CALL    DPCT
0002FB C39B 3EC2             7          LD      A,0C2H
0002FD C39D CDDC0D          17          CALL    DPCT
000300 C3A0 3EFF             7  DL7:    LD      A,0FFH            ;0FFH中断コードを送信
000302 C3A2 CDCCC5          17  DL8:    CALL    SNDBYTE
000305 C3A5 CD0600          17          CALL    LETLN
000308 C3A8 189A            12          JR      DL2
                                        
       C3AA                     DLRET:      
00030A C3AA C9              10          RET
                                        
                                
                                ;**** FILE DELETE ****
00030B C3AB 3E84             7  STDE:   LD      A,84H      ;FILE DELETEコマンド84H
00030D C3AD CD25C6          17          CALL    STCMD
                                
000310 C3B0 110EC7          10          LD      DE,MSG_DELQ ;'DELETE?'表示
000313 C3B3 CD1500          17          CALL    MSGPR
000316 C3B6 CD0600          17          CALL    LETLN
000319 C3B9 CD1B00          17  STDE3:  CALL    GETKEY
00031C C3BC FE00             7          CP      00H
00031E C3BE 28F9            12          JR      Z,STDE3
000320 C3C0 FE59             7          CP      59H         ;'Y'ならOKとして00Hを送信
000322 C3C2 2004            12          JR      NZ,STDE4
000324 C3C4 3E00             7          LD      A,00H
000326 C3C6 1802            12          JR      STDE5
000328 C3C8 3EFF             7  STDE4:  LD      A,0FFH      ;'Y'以外ならCANSELとして0FFHを送信
00032A C3CA CDCCC5          17  STDE5:  CALL    SNDBYTE
00032D C3CD CDB9C5          17          CALL    RCVBYTE
000330 C3D0 FE00             7          CP      00H         ;00Hを受信すればDELETE完了
000332 C3D2 2005            12          JR      NZ,STDE6
000334 C3D4 112DC7          10          LD      DE,MSG_DELY ;'DELETE OK'表示
000337 C3D7 180C            12          JR      STDE8
000339 C3D9 FE01             7  STDE6:  CP      01H         ;01Hを受信すればCANSEL完了
00033B C3DB 2005            12          JR      NZ,STDE7
00033D C3DD 1137C7          10          LD      DE,MSG_DELN ;'DELETE CANSEL'表示
000340 C3E0 1803            12          JR      STDE8
000342 C3E2 C35FC2          10  STDE7:  JP      SVERR
000345 C3E5 C389C2          10  STDE8:  JP      ERRMSG
                                
                                ;**** FILE RENAME ****
000348 C3E8 3E85             7  STRN:   LD      A,85H      ;FILE RENAMEコマンド85H
00034A C3EA CD25C6          17          CALL    STCMD
                                
00034D C3ED 1145C7          10          LD      DE,MSG_REN ;'NEW NAME:'表示
000350 C3F0 CD1500          17          CALL    MSGPR
                                        
000353 C3F3 3E09             7          LD      A,09H
000355 C3F5 327111          13          LD      (DSPX),A  ;カーソル位置を'NEW NAME:'の次へ
000358 C3F8 11A311          10          LD      DE,LBUF    ;NEW FILE NAMEを取得
00035B C3FB CD0300          17          CALL    GETL
00035E C3FE 11AB11          10          LD      DE,LBUF+8  ;NEW FILE NAMEを送信
000361 C401 CDFCC5          17          CALL    STFN
000364 C404 CD12C6          17          CALL    STFS
                                        
000367 C407 CDB9C5          17          CALL    RCVBYTE
00036A C40A FE00             7          CP      00H         ;00Hを受信すればRENAME完了
00036C C40C C25FC2          10          JP      NZ,SVERR
00036F C40F 1191C7          10          LD      DE,MSG_RENY
000372 C412 C389C2          10          JP      ERRMSG
                                
                                ;**** FILE DUMP ****
000375 C415 3E86             7  STPR:   LD      A,86H      ;FILE DUMPEコマンド86H
000377 C417 CD25C6          17          CALL    STCMD
                                
00037A C41A 210411          10  STPR6:  LD      HL,SADRS   ;SADRS取得
00037D C41D CDB9C5          17          CALL    RCVBYTE
000380 C420 77               7          LD      (HL),A
000381 C421 23               6          INC     HL
000382 C422 CDB9C5          17          CALL    RCVBYTE
000385 C425 77               7          LD      (HL),A
000386 C426 2A0411          16          LD      HL,(SADRS)
000389 C429 7C               4          LD      A,H
00038A C42A FEFF             7          CP      0FFH        ;ADRSに0FFFFHが送信されてきたらDUMP処理終了
00038C C42C 2008            12          JR      NZ,STPR7
00038E C42E 7D               4          LD      A,L
00038F C42F FEFF             7          CP      0FFH
000391 C431 2003            12          JR      NZ,STPR7
000393 C433 C3B4C4          10          JP      STPR8
000396 C436 119BC7          10  STPR7:  LD      DE,MSG_AD1 ;DUMP TITLE表示
000399 C439 CD1500          17          CALL    MSGPR
00039C C43C CD0600          17          CALL    LETLN
00039F C43F 0E10             7          LD      C,10H      ;16行(128Byte)を表示
0003A1 C441 C5              11  STPR0:  PUSH    BC
0003A2 C442 0608             7          LD      B,08H      ;一行(8Byte)を受信
0003A4 C444 21A311          10          LD      HL,LBUF
0003A7 C447 CDB9C5          17  STPR1:  CALL    RCVBYTE
0003AA C44A 77               7          LD      (HL),A
0003AB C44B 23               6          INC     HL
0003AC C44C 05               4          DEC     B
0003AD C44D 20F8            12          JR      NZ,STPR1
                                
0003AF C44F 2A0411          16          LD      HL,(SADRS) ;アドレス表示
0003B2 C452 CDBA03          17          CALL    PRTWRD
0003B5 C455 110800          10          LD      DE,0008H   ;一画面(128Byte)中はアドレスを受け取らないので自前でインクリメント
0003B8 C458 19              11          ADD     HL,DE
0003B9 C459 220411          16          LD      (SADRS),HL
                                        
0003BC C45C 0608             7          LD      B,08H      ;一行(8Byte)のデータを16進数表示
0003BE C45E 11A311          10          LD      DE,LBUF
0003C1 C461 CD0C00          17  STPR2:  CALL    PRNTS
0003C4 C464 1A               7          LD      A,(DE)
0003C5 C465 CDC303          17          CALL    PRTBYT
0003C8 C468 13               6          INC     DE
0003C9 C469 05               4          DEC     B
0003CA C46A 20F5            12          JR      NZ,STPR2
                                        
0003CC C46C CD0C00          17          CALL    PRNTS
0003CF C46F 11A311          10          LD      DE,LBUF    ;一行(8Byte)のデータをキャラクタ表示
0003D2 C472 0608             7          LD      B,08H
0003D4 C474 1A               7  STPR9:  LD      A,(DE)
0003D5 C475 FE10             7          CP      10H        ;MZ-700での文字化けに対処
0003D7 C477 3002            12          JR      NC,STPRA
0003D9 C479 3E20             7          LD      A,20H
0003DB C47B CDB90B          17  STPRA:  CALL    ADCN
0003DE C47E CDB50D          17          CALL    DISPCH
0003E1 C481 13               6          INC     DE
0003E2 C482 05               4          DEC     B
0003E3 C483 20EF            12          JR      NZ,STPR9
                                
0003E5 C485 CD0600          17          CALL    LETLN
0003E8 C488 C1              10          POP     BC
0003E9 C489 0D               4          DEC     C
0003EA C48A 20B5            12          JR      NZ,STPR0
                                        
0003EC C48C 11C1C7          10          LD      DE,MSG_AD2        ;入力待ちメッセージ表示
0003EF C48F CD1500          17          CALL    MSGPR
0003F2 C492 CD0600          17          CALL    LETLN
0003F5 C495 CD0600          17          CALL    LETLN
0003F8 C498 CD1B00          17  STPR3:  CALL    GETKEY            ;1文字入力待ち
0003FB C49B FE00             7          CP      00H
0003FD C49D 28F9            12          JR      Z,STPR3
0003FF C49F FE64             7          CP      64H               ;SHIFT+BREAKで打ち切り
000401 C4A1 2806            12          JR      Z,STPR4
000403 C4A3 CDCCC5          17          CALL    SNDBYTE           ;SHIFT+BREAK以外はASCIIコードのまま送信、ARDUINO側で'B'を処理
000406 C4A6 C31AC4          10          JP      STPR6
000409 C4A9 3EFF             7  STPR4:  LD      A,0FFH            ;0FFH中断コードを送信
00040B C4AB CDCCC5          17  STPR5:  CALL    SNDBYTE
00040E C4AE CDB9C5          17          CALL    RCVBYTE           ;SHIFT+BREAKでの中断時はADRS'0FFFFH'の受信及び状態コードの受信を破棄
000411 C4B1 CDB9C5          17          CALL    RCVBYTE
000414 C4B4 CDB9C5          17  STPR8:  CALL    RCVBYTE
000417 C4B7 C38FC2          10          JP      MON
                                
                                ;**** FILE COPY ****
00041A C4BA 3E87             7  STCP:   LD      A,87H      ;FILE COPYコマンド87H
00041C C4BC CD25C6          17          CALL    STCMD
00041F C4BF 1145C7          10          LD      DE,MSG_REN ;'NEW NAME:'表示
000422 C4C2 CD1500          17          CALL    MSGPR
                                        
000425 C4C5 3E09             7          LD      A,09H
000427 C4C7 327111          13          LD      (DSPX),A    ;カーソル位置を'NEW NAME:'の次へ
00042A C4CA 11A311          10          LD      DE,LBUF      ;NEW FILE NAMEを取得
00042D C4CD CD0300          17          CALL    GETL
000430 C4D0 11AB11          10          LD      DE,LBUF+8    ;NEW FILE NAMEを送信
000433 C4D3 CDFCC5          17          CALL    STFN
000436 C4D6 CD12C6          17          CALL    STFS
                                        
000439 C4D9 CDB9C5          17          CALL    RCVBYTE
00043C C4DC FE00             7          CP      00H         ;00Hを受信すればRENAME完了
00043E C4DE C25FC2          10          JP      NZ,SVERR
000441 C4E1 11E3C7          10          LD      DE,MSG_CPY
000444 C4E4 C389C2          10          JP      ERRMSG
                                
                                ;**** MEMORY DUMP ****
000447 C4E7 13               6  STMD:   INC     DE
000448 C4E8 13               6          INC     DE
000449 C4E9 CD1004          17          CALL    HLHEX       ;1文字空けて4桁の16進数であればSADRSにセットして続行
00044C C4EC DA35C2          10          JP      C,STSV1
00044F C4EF 220411          16          LD      (SADRS),HL      ;SARDS保存
                                
000452 C4F2 119BC7          10  STMD6:  LD      DE,MSG_AD1 ;DUMP TITLE表示
000455 C4F5 CD1500          17          CALL    MSGPR
000458 C4F8 CD0600          17          CALL    LETLN
00045B C4FB 0E10             7          LD      C,10H      ;16行(128Byte)を表示
00045D C4FD 2A0411          16  STMD7:  LD      HL,(SADRS) ;アドレス表示
000460 C500 CDBA03          17          CALL    PRTWRD
000463 C503 CD0C00          17          CALL    PRNTS
                                
                                        
000466 C506 0608             7          LD      B,08H      ;一行(8Byte)のデータを16進数表示
000468 C508 7E               7  STMD0:  LD      A,(HL)
000469 C509 CDC303          17          CALL    PRTBYT
00046C C50C CD0C00          17          CALL    PRNTS
00046F C50F CD1B00          17          CALL    GETKEY
000472 C512 FE64             7          CP      64H
000474 C514 2853            12          JR      Z,STMD4
000476 C516 23               6          INC     HL
000477 C517 05               4          DEC     B
000478 C518 20EE            12          JR      NZ,STMD0
                                
00047A C51A 2A0411          16          LD      HL,(SADRS)
00047D C51D 0608             7          LD      B,08H      ;一行(8Byte)のデータをキャラクタ表示
00047F C51F 7E               7  STMD2:  LD      A,(HL)
000480 C520 FE10             7          CP      10H        ;MZ-700での文字化けに対処
000482 C522 3002            12          JR      NC,STMD8
000484 C524 3E20             7          LD      A,20H
000486 C526 CDB90B          17  STMD8:  CALL    ADCN
000489 C529 CDB50D          17          CALL    DISPCH
00048C C52C CD1B00          17          CALL    GETKEY
00048F C52F FE64             7          CP      64H        ;表示途中でもSHIFT+BREAKで打ち切り
000491 C531 2836            12          JR      Z,STMD4
000493 C533 23               6          INC     HL
000494 C534 05               4          DEC     B
000495 C535 20E8            12          JR      NZ,STMD2
                                
000497 C537 220411          16          LD      (SADRS),HL
00049A C53A CD0600          17          CALL    LETLN
                                
00049D C53D 0D               4          DEC     C
00049E C53E 20BD            12          JR      NZ,STMD7
                                        
0004A0 C540 11C1C7          10          LD      DE,MSG_AD2        ;入力待ちメッセージ表示
0004A3 C543 CD1500          17          CALL    MSGPR
0004A6 C546 CD0600          17          CALL    LETLN
0004A9 C549 CD0600          17          CALL    LETLN
0004AC C54C CD1B00          17  STMD3:  CALL    GETKEY            ;1文字入力待ち
0004AF C54F FE00             7          CP      00H
0004B1 C551 28F9            12          JR      Z,STMD3
0004B3 C553 FE64             7          CP      64H               ;SHIFT+BREAKで打ち切り
0004B5 C555 2812            12          JR      Z,STMD4
0004B7 C557 FE42             7          CP      42H
0004B9 C559 200B            12          JR      NZ,STMD5
0004BB C55B 2A0411          16          LD      HL,(SADRS)
0004BE C55E 110001          10          LD      DE,0100H
0004C1 C561 ED52            15          SBC     HL,DE
0004C3 C563 220411          16          LD      (SADRS),HL
0004C6 C566 C3F2C4          10  STMD5:  JP      STMD6
0004C9 C569 C38FC2          10  STMD4:  JP      MON
                                
                                ;**** MEMORY WRITE ****
0004CC C56C 13               6  STMW:   INC     DE
0004CD C56D 13               6          INC     DE
0004CE C56E CD1004          17          CALL    HLHEX       ;1文字空けて4桁の16進数であればHLにセットして続行
0004D1 C571 DA35C2          10          JP      C,STSV1
                                
0004D4 C574 13               6          INC     DE
0004D5 C575 13               6          INC     DE
0004D6 C576 13               6          INC     DE
0004D7 C577 13               6          INC     DE
0004D8 C578 1A               7  STSP1:  LD      A,(DE)
0004D9 C579 FE0D             7          CP      0DH
0004DB C57B 2839            12          JR      Z,STMW9     ;アドレスのみなら終了
0004DD C57D FE20             7          CP      20H
0004DF C57F 2003            12          JR      NZ,STMW1
0004E1 C581 13               6          INC     DE          ;空白は飛ばす
0004E2 C582 18F4            12          JR      STSP1
                                
       C584                     STMW1:
0004E4 C584 CD1F04          17          CALL    TWOHEX
0004E7 C587 380E            12          JR      C,STMW8
0004E9 C589 77               7          LD      (HL),A      ;2桁の16進数があれば(HL)に書き込み
0004EA C58A 23               6          INC     HL
                                
0004EB C58B 1A               7  STSP2:  LD      A,(DE)
0004EC C58C FE0D             7          CP      0DH         ;一行終了
0004EE C58E 2807            12          JR      Z,STMW8
0004F0 C590 FE20             7          CP      20H
0004F2 C592 20F0            12          JR      NZ,STMW1
0004F4 C594 13               6          INC     DE          ;空白は飛ばす
0004F5 C595 18F4            12          JR      STSP2
                                
       C597                     STMW8:  
0004F7 C597 11EBC7          10          LD      DE,MSG_FDW  ;行頭に'*FDW '
0004FA C59A CD1500          17          CALL    MSGPR
0004FD C59D CDBA03          17          CALL    PRTWRD      ;アドレス表示
000500 C5A0 CD0C00          17          CALL    PRNTS
000503 C5A3 11A311          10          LD      DE,LBUF     ;一行入力
000506 C5A6 CD0300          17          CALL    GETL
000509 C5A9 11A311          10          LD      DE,LBUF
00050C C5AC 1A               7          LD      A,(DE)
00050D C5AD FE1B             7          CP      1BH
00050F C5AF 2805            12          JR      Z,STMW9     ;SHIFT+BREAKで破棄、終了
000511 C5B1 11A611          10          LD      DE,LBUF+3
000514 C5B4 18B6            12          JR      STMW
000516 C5B6 C38FC2          10  STMW9:  JP      MON
                                
                                ;**** 1BYTE受信 ****
                                ;受信DATAをAレジスタにセットしてリターン
       C5B9                     RCVBYTE:
000519 C5B9 CDEEC5          17          CALL    F1CHK      ;PORTC BIT7が1になるまでLOOP
00051C C5BC DBD9            11          IN      A,(0D9h)   ;PORTB -> A
00051E C5BE F5              11          PUSH    AF
00051F C5BF 3E05             7          LD      A,05H
000521 C5C1 D3DB            11          OUT     (0DBH),A    ;PORTC BIT2 <- 1
000523 C5C3 CDF5C5          17          CALL    F2CHK      ;PORTC BIT7が0になるまでLOOP
000526 C5C6 3E04             7          LD      A,04H
000528 C5C8 D3DB            11          OUT     (0DBH),A    ;PORTC BIT2 <- 0
00052A C5CA F1              10          POP     AF
00052B C5CB C9              10          RET
                                        
                                ;**** 1BYTE送信 ****
                                ;Aレジスタの内容をPORTA下位4BITに4BITずつ送信
       C5CC                     SNDBYTE:
00052C C5CC F5              11          PUSH    AF
00052D C5CD 1F               4          RRA
00052E C5CE 1F               4          RRA
00052F C5CF 1F               4          RRA
000530 C5D0 1F               4          RRA
000531 C5D1 E60F             7          AND     0FH
000533 C5D3 CDDDC5          17          CALL    SND4BIT
000536 C5D6 F1              10          POP     AF
000537 C5D7 E60F             7          AND     0FH
000539 C5D9 CDDDC5          17          CALL    SND4BIT
00053C C5DC C9              10          RET
                                
                                ;**** 4BIT送信 ****
                                ;Aレジスタ下位4ビットを送信する
       C5DD                     SND4BIT:
00053D C5DD D3D8            11          OUT     (0D8H),A
00053F C5DF 3E05             7          LD      A,05H
000541 C5E1 D3DB            11          OUT     (0DBH),A    ;PORTC BIT2 <- 1
000543 C5E3 CDEEC5          17          CALL    F1CHK      ;PORTC BIT7が1になるまでLOOP
000546 C5E6 3E04             7          LD      A,04H
000548 C5E8 D3DB            11          OUT     (0DBH),A    ;PORTC BIT2 <- 0
00054A C5EA CDF5C5          17          CALL    F2CHK
00054D C5ED C9              10          RET
                                        
                                ;**** BUSYをCHECK(1) ****
                                ; 82H BIT7が1になるまでLOP
00054E C5EE DBDA            11  F1CHK:  IN      A,(0DAH)
000550 C5F0 E680             7          AND     80H        ;PORTC BIT7 = 1?
000552 C5F2 28FA            12          JR      Z,F1CHK
000554 C5F4 C9              10          RET
                                
                                ;**** BUSYをCHECK(0) ****
                                ; 82H BIT7が0になるまでLOOP
000555 C5F5 DBDA            11  F2CHK:  IN      A,(0DAH)
000557 C5F7 E680             7          AND     80H        ;PORTC BIT7 = 0?
000559 C5F9 20FA            12          JR      NZ,F2CHK
00055B C5FB C9              10          RET
                                
                                ;****** FILE NAME 取得 (IN:DE コマンド文字の次の文字 OUT:HL ファイルネームの先頭)*********
00055C C5FC F5              11  STFN:   PUSH    AF
00055D C5FD 13               6  STFN1:  INC     DE         ;ファイルネームまでスペース読み飛ばし
00055E C5FE 1A               7          LD      A,(DE)
00055F C5FF FE20             7          CP      20H
000561 C601 28FA            12          JR      Z,STFN1
000563 C603 FE30             7          CP      30H        ;「0」以上の文字でなければエラーとする
000565 C605 DA3AC2          10          JP      C,STSV2
000568 C608 EB               4          EX      DE,HL
000569 C609 F1              10          POP     AF
00056A C60A C9              10          RET
                                
                                ;**** コマンド送信 (IN:A コマンドコード)****
00056B C60B CDCCC5          17  STCD:   CALL    SNDBYTE    ;Aレジスタのコマンドコードを送信
00056E C60E CDB9C5          17          CALL    RCVBYTE    ;状態取得(00H=OK)
000571 C611 C9              10          RET
                                
                                ;**** ファイルネーム送信(IN:HL ファイルネームの先頭) ******
000572 C612 0620             7  STFS:   LD      B,20H
000574 C614 7E               7  STFS1:  LD      A,(HL)     ;FNAME送信
000575 C615 CDCCC5          17          CALL    SNDBYTE
000578 C618 23               6          INC     HL
000579 C619 05               4          DEC     B
00057A C61A 20F8            12          JR      NZ,STFS1
00057C C61C 3E0D             7          LD      A,0DH
00057E C61E CDCCC5          17          CALL    SNDBYTE
000581 C621 CDB9C5          17          CALL    RCVBYTE    ;状態取得(00H=OK)
000584 C624 C9              10          RET
                                
                                ;**** コマンド、ファイル名送信 (IN:A コマンドコード HL:ファイルネームの先頭)****
000585 C625 CDFCC5          17  STCMD:  CALL    STFN       ;ファイルネーム取得
000588 C628 E5              11          PUSH    HL
000589 C629 CD0BC6          17          CALL    STCD       ;コマンドコード送信
00058C C62C E1              10          POP     HL
00058D C62D A7               4          AND     A          ;00以外ならERROR
00058E C62E C25EC2          10          JP      NZ,SVER0
000591 C631 CD12C6          17          CALL    STFS       ;ファイルネーム送信
000594 C634 A7               4          AND     A          ;00以外ならERROR
000595 C635 C25EC2          10          JP      NZ,SVER0
000598 C638 C9              10          RET
                                
                                ;******** MESSAGE DATA ********************
       C639                     MSG_LD:
000599 C639 16                          DB      16H
00059A C63A 4C4F4144494E4720            DB      'LOADING '
0005A2 C642 0D                          DB      0DH
                                
       C643                     WRMSG:
0005A3 C643 57524954494E4720            DB      'WRITING '
0005AB C64B 0D                          DB      0DH
                                
       C64C                     MSG_SV:
0005AC C64C 534156452046494E            DB      'SAVE FINISHED!'
            495348454421        
0005BA C65A 0D                          DB      0DH
                                        
       C65B                     MSG_AS:
0005BB C65B 4153544152542046            DB      'ASTART FINISHED!'
            494E495348454421    
0005CB C66B 0D                          DB      0DH
                                        
       C66C                     MSG_ST:
0005CC C66C 5041544348454420            DB      'PATCHED MONITOR START!'
            4D4F4E49544F5220    
            535441525421        
0005E2 C682 0D                          DB      0DH
                                        
       C683                     MSG_AD:
0005E3 C683 4144445245535320            DB      'ADDRESS FAILED!'
            4641494C454421      
0005F2 C692 0D                          DB      0DH
                                        
       C693                     MSG_FNAME:
0005F3 C693 46494C45204E414D            DB      'FILE NAME FAILED!'
            45204641494C4544    
            21                  
000604 C6A4 0D                          DB      0DH
                                        
       C6A5                     MSG_CMD:
000605 C6A5 434F4D4D414E4420            DB      'COMMAND FAILED!'
            4641494C454421      
000614 C6B4 0D                          DB      0DH
                                        
       C6B5                     MSG_F0:
000615 C6B5 53442D4341524420            DB      'SD-CARD INITIALIZE ERROR'
            494E495449414C49    
            5A45204552524F52    
00062D C6CD 0D                          DB      0DH
                                        
       C6CE                     MSG_F1:
00062E C6CE 4E4F542046494E44            DB      'NOT FIND FILE'
            2046494C45          
00063B C6DB 0D                          DB      0DH
                                        
       C6DC                     MSG_F3:
00063C C6DC 46494C4520455849            DB      'FILE EXIST'
            5354                
000646 C6E6 0D                          DB      0DH
                                        
       C6E7                     MSG_KEY1:
000647 C6E7 4E4558543A414E59            DB      'NEXT:ANY BACK:B BREAK:'
            204241434B3A4220    
            425245414B3A        
00065D C6FD 0D                          DB      0DH
       C6FE                     MSG_KEY2:
00065E C6FE 204F522053484946            DB      ' OR SHIFT+BREAK'
            542B425245414B      
00066D C70D 0D                          DB      0DH
                                        
       C70E                     MSG_DELQ:
00066E C70E 46494C452044454C            DB      'FILE DELETE?(Y:OK ELSE:CANSEL)'
            4554453F28593A4F    
            4B20454C53453A43    
            414E53454C29        
00068C C72C 0D                          DB      0DH
                                        
       C72D                     MSG_DELY:
00068D C72D 44454C455445204F            DB      'DELETE OK'
            4B                  
000696 C736 0D                          DB      0DH
                                        
       C737                     MSG_DELN:
000697 C737 44454C4554452043            DB      'DELETE CANSEL'
            414E53454C          
0006A4 C744 0D                          DB      0DH
                                        
       C745                     MSG_REN:
0006A5 C745 4E4557204E414D45            DB      'NEW NAME:                            '
            3A20202020202020    
            2020202020202020    
            2020202020202020    
            2020202020          
0006CA C76A 0D                          DB      0DH
                                        
       C76B                     MSG_DNAME:
0006CB C76B 444F532046494C45            DB      'DOS FILE:'
            3A                  
       C774                     MSG_DNAMEEND:
0006D4 C774 20 LEN:28                   DB      '                            '
0006F0 C790 0D                          DB      0DH
                                        
       C791                     MSG_RENY:
0006F1 C791 52454E414D45204F            DB      'RENAME OK'
            4B                  
0006FA C79A 0D                          DB      0DH
                                        
       C79B                     MSG_AD1:
0006FB C79B 41445253202B3020            DB      'ADRS +0 +1 +2 +3 +4 +5 +6 +7 01234567'
            2B31202B32202B33    
            202B34202B35202B    
            36202B3720303132    
            3334353637          
000720 C7C0 0D                          DB      0DH
                                        
       C7C1                     MSG_AD2:
000721 C7C1 4E4558543A414E59            DB      'NEXT:ANY BACK:B BREAK:SHIFT+BREAK'
            204241434B3A4220    
            425245414B3A5348    
            4946542B42524541    
            4B                  
000742 C7E2 0D                          DB      0DH
                                        
       C7E3                     MSG_CPY:
000743 C7E3 434F5059204F4B              DB      'COPY OK'
00074A C7EA 0D                          DB      0DH
                                        
       C7EB                     MSG_FDW:
00074B C7EB 2A46445720                  DB      '*FDW '
000750 C7F0 0D                          DB      0DH
                                
       C7F1                     MSG99:
000751 C7F1 204552524F52                DB      ' ERROR'
000757 C7F7 0D                          DB      0DH
                                        
       C7F8                     DEFNAME:
000758 C7F8 30303030                    DB      '0000'
00075C C7FC 0D                          DB      0DH
       C7FD                     NEND:
                                
       C7FD                     DEFDIR:
00075D C7FD 2A46442020                  DB      '*FD  '
       C802                     DEND:
                                
                                ;*********************** 0436H MONITOR ライト インフォメーション代替処理 ************
       C802                     MSHED:
000762 C802 D5              11          PUSH    DE
000763 C803 C5              11          PUSH    BC
000764 C804 E5              11          PUSH    HL
000765 C805 CD78C1          17          CALL    INIT
000768 C808 3E91             7          LD      A,91H      ;HEADER SAVEコマンド91H
00076A C80A CD9DC9          17          CALL    MCMD       ;コマンドコード送信
00076D C80D A7               4          AND     A          ;00以外ならERROR
00076E C80E C2A9C9          10          JP      NZ,MERR
                                
                                ;S-OS SWORD、8080用テキスト・エディタ＆アセンブラはファイルネームの後ろが20h詰めとなるため0dhに修正
000771 C811 0611             7          LD      B,11H
000773 C813 210111          10          LD      HL,FNAME+10H     ;ファイルネーム
000776 C816 3E0D             7          LD      A,0DH            ;17文字目には常に0DHをセットする
000778 C818 77               7          LD      (HL),A
000779 C819 7E               7  MSH0:   LD      A,(HL)
00077A C81A FE0D             7          CP      0DH              ;0DHであればひとつ前の文字の検査に移る
00077C C81C 2807            12          JR      Z,MSH1
00077E C81E FE20             7          CP      20H              ;20Hであれば0DHをセットしてひとつ前の文字の検査に移る
000780 C820 2007            12          JR      NZ,MSH2          ;0DH、20H以外の文字であれば終了
000782 C822 3E0D             7          LD      A,0DH
000784 C824 77               7          LD      (HL),A
                                        
000785 C825 2B               6  MSH1:   DEC     HL
000786 C826 05               4          DEC     B
000787 C827 20F0            12          JR      NZ,MSH0
                                
000789 C829 CD0600          17  MSH2:   CALL    LETLN
00078C C82C 1143C6          10          LD      DE,WRMSG   ;'WRITING '
00078F C82F CD1500          17          CALL    MSGPR        ;メッセージ表示
000792 C832 11F110          10          LD      DE,FNAME     ;ファイルネーム
000795 C835 CD1500          17          CALL    MSGPR       ;メッセージ表示
                                
000798 C838 21F010          10          LD      HL,IBUFE
00079B C83B 0680             7          LD      B,80H
00079D C83D 7E               7  MSH3:   LD      A,(HL)     ;インフォメーション ブロック送信
00079E C83E CDCCC5          17          CALL    SNDBYTE
0007A1 C841 23               6          INC     HL
0007A2 C842 05               4          DEC     B
0007A3 C843 20F8            12          JR      NZ,MSH3
                                
0007A5 C845 CDB9C5          17          CALL    RCVBYTE    ;状態取得(00H=OK)
0007A8 C848 A7               4          AND     A          ;00以外ならERROR
0007A9 C849 C2A9C9          10          JP      NZ,MERR
                                
0007AC C84C C3A4C9          10          JP      MRET       ;正常RETURN
                                
                                ;******************** 0475H MONITOR ライト データ代替処理 **********************
       C84F                     MSDAT:
0007AF C84F D5              11          PUSH    DE
0007B0 C850 C5              11          PUSH    BC
0007B1 C851 E5              11          PUSH    HL
0007B2 C852 3E92             7          LD      A,92H      ;DATA SAVEコマンド92H
0007B4 C854 CD9DC9          17          CALL    MCMD       ;コマンドコード送信
0007B7 C857 A7               4          AND     A          ;00以外ならERROR
0007B8 C858 C2A9C9          10          JP      NZ,MERR
                                
0007BB C85B 210211          10          LD      HL,FSIZE   ;FSIZE送信
0007BE C85E 7E               7          LD      A,(HL)
0007BF C85F CDCCC5          17          CALL    SNDBYTE
0007C2 C862 23               6          INC     HL
0007C3 C863 7E               7          LD      A,(HL)
0007C4 C864 CDCCC5          17          CALL    SNDBYTE
                                
0007C7 C867 CDB9C5          17          CALL    RCVBYTE    ;状態取得(00H=OK)
0007CA C86A A7               4          AND     A          ;00以外ならERROR
0007CB C86B C2A9C9          10          JP      NZ,MERR
                                
0007CE C86E ED5B0211        20          LD      DE,(FSIZE)
0007D2 C872 2A0411          16          LD      HL,(SADRS)
0007D5 C875 7E               7  MSD1:   LD      A,(HL)
0007D6 C876 CDCCC5          17          CALL    SNDBYTE      ;SADRSからFSIZE Byteを送信。分割セーブの場合、直前に0436HでOPENされたファイルを対象として256バイトずつ0475HがCALLされる。
0007D9 C879 1B               6          DEC     DE
0007DA C87A 7A               4          LD      A,D
0007DB C87B B3               4          OR      E
0007DC C87C 23               6          INC     HL
0007DD C87D 20F6            12          JR      NZ,MSD1
                                        
0007DF C87F C3A4C9          10          JP      MRET       ;正常RETURN
                                
                                ;************************** 04D8H MONITOR リード インフォメーション代替処理 *****************
       C882                     MLHED:
0007E2 C882 D5              11          PUSH    DE
0007E3 C883 C5              11          PUSH    BC
0007E4 C884 E5              11          PUSH    HL
0007E5 C885 CD78C1          17          CALL    INIT
0007E8 C888 C3CEC9          10          JP      KZCHK
                                
0007EB C88B 0608             7  MLH00:  LD      B,08H      ;LBUFを0DHで埋めファイルネームが指定されなかったことにする
0007ED C88D 11A311          10          LD      DE,LBUF
0007F0 C890 3E0D             7          LD      A,0DH
0007F2 C892 12               7  MLH0:   LD      (DE),A
0007F3 C893 13               6          INC     DE
0007F4 C894 05               4          DEC     B
0007F5 C895 20FB            12          JR      NZ,MLH0
                                
0007F7 C897 3E03             7          LD      A,03H          ;一行分をクリアするため3文字削除、37文字出力
0007F9 C899 327111          13          LD      (DSPX),A
0007FC C89C 3EC7             7          LD      A,0C7H
0007FE C89E CDDC0D          17          CALL    DPCT
000801 C8A1 CDDC0D          17          CALL    DPCT
000804 C8A4 CDDC0D          17          CALL    DPCT
000807 C8A7 116BC7          10  MLH6:   LD      DE,MSG_DNAME   ;'DOS FILE:'
00080A C8AA CD1500          17          CALL    MSGPR
00080D C8AD 3E09             7          LD      A,09H          ;カーソルを9文字目に戻す
00080F C8AF 327111          13          LD      (DSPX),A
                                
000812 C8B2 11AE11          10          LD      DE,MBUF    ;ファイルネームを指示するための苦肉の策。LOADコマンドとしてはファイルネームなしとして改行したのちに行バッファの位置をずらしてDOSファイルネームを入力する。
000815 C8B5 CD0300          17          CALL    GETL
                                        
000818 C8B8 11B711          10          LD      DE,MBUF+9
                                        
00081B C8BB 1A               7          LD      A,(DE)
                                ;**** ファイルネームの先頭が'*'なら拡張コマンド処理へ移行 ****
00081C C8BC FE2A             7          CP      '*'
00081E C8BE 2845            12          JR      Z,MLHCMD
                                
000820 C8C0 3E93             7  MLH7:   LD      A,93H      ;HEADER LOADコマンド93H
000822 C8C2 CD9DC9          17          CALL    MCMD       ;コマンドコード送信
000825 C8C5 A7               4          AND     A          ;00以外ならERROR
000826 C8C6 C2A9C9          10          JP      NZ,MERR
                                
       C8C9                     MLH1:
000829 C8C9 1A               7          LD      A,(DE)
00082A C8CA FE20             7          CP      20H                 ;行頭のスペースをファイルネームまで読み飛ばし
00082C C8CC 2003            12          JR      NZ,MLH2
00082E C8CE 13               6          INC     DE
00082F C8CF 18F8            12          JR      MLH1
                                
000831 C8D1 0620             7  MLH2:   LD      B,20H
000833 C8D3 1A               7  MLH4:   LD      A,(DE)     ;FNAME送信
000834 C8D4 CDCCC5          17          CALL    SNDBYTE
000837 C8D7 13               6          INC     DE
000838 C8D8 05               4          DEC     B
000839 C8D9 20F8            12          JR      NZ,MLH4
00083B C8DB 3E0D             7          LD      A,0DH
00083D C8DD CDCCC5          17          CALL    SNDBYTE
                                        
000840 C8E0 CDB9C5          17  MLH41:  CALL    RCVBYTE    ;状態取得(00H=OK)
000843 C8E3 A7               4          AND     A          ;00以外ならERROR
000844 C8E4 C2A9C9          10          JP      NZ,MERR
                                
000847 C8E7 CDB9C5          17          CALL    RCVBYTE    ;状態取得(00H=OK)
00084A C8EA A7               4          AND     A          ;00以外ならERROR
00084B C8EB C2A9C9          10          JP      NZ,MERR
                                
00084E C8EE 21F010          10          LD      HL,IBUFE
000851 C8F1 0680             7          LD      B,80H
000853 C8F3 CDB9C5          17  MLH5:   CALL    RCVBYTE    ;読みだされたインフォメーションブロックを受信
000856 C8F6 77               7          LD      (HL),A
000857 C8F7 23               6          INC     HL
000858 C8F8 05               4          DEC     B
000859 C8F9 20F8            12          JR      NZ,MLH5
                                
00085B C8FB CDB9C5          17          CALL    RCVBYTE    ;状態取得(00H=OK)
00085E C8FE A7               4          AND     A          ;00以外ならERROR
00085F C8FF C2A9C9          10          JP      NZ,MERR
                                
000862 C902 C3A4C9          10          JP      MRET       ;正常RETURN
                                
                                ;**************************** アプリケーション内SD-CARD操作処理 **********************
       C905                     MLHCMD:
                                ;**** HL、DE、BCレジスタを保存 ****
000865 C905 E5              11          PUSH    HL
000866 C906 D5              11          PUSH    DE
000867 C907 C5              11          PUSH    BC
000868 C908 13               6          INC     DE
000869 C909 0603             7          LD      B,03H
                                ;**** FDLコマンド ****
00086B C90B 2165C9          10          LD      HL,CMD1
00086E C90E CD51C9          17          CALL    CMPSTR
000871 C911 2805            12          JR      Z,MLHCMD2
000873 C913 C1              10          POP     BC
000874 C914 D1              10          POP     DE
000875 C915 E1              10          POP     HL
                                ;**** ファイルネーム入力へ復帰 ****
000876 C916 188F            12          JR      MLH6
                                
       C918                     MLHCMD2:
000878 C918 13               6          INC     DE
000879 C919 13               6          INC     DE
00087A C91A 13               6          INC     DE
00087B C91B 216BC7          10          LD      HL,MSG_DNAME         ;行頭に'DOS FILE:'を付けることでカーソルを移動させリターンで実行できるように
00087E C91E 010900          10          LD      BC,MSG_DNAMEEND-MSG_DNAME
                                ;**** FDLコマンド呼び出し ****
000881 C921 CD21C3          17          CALL    DIRLIST
000884 C924 A7               4          AND     A          ;00以外ならERROR
000885 C925 2006            12          JR      NZ,SERR
000887 C927 C1              10          POP     BC
000888 C928 D1              10          POP     DE
000889 C929 E1              10          POP     HL
                                ;**** ファイルネーム入力へ復帰 ****
00088A C92A C3A7C8          10          JP      MLH6
                                
                                ;******* アプリケーション内SD-CARD操作処理用ERROR処理 **************
       C92D                     SERR:
00088D C92D FEF0             7          CP      0F0H
00088F C92F 2005            12          JR      NZ,SERR3
000891 C931 11B5C6          10          LD      DE,MSG_F0
000894 C934 180F            12          JR      SERRMSG
                                        
000896 C936 FEF1             7  SERR3:  CP      0F1H
000898 C938 2005            12          JR      NZ,SERR99
00089A C93A 11CEC6          10          LD      DE,MSG_F1
00089D C93D 1806            12          JR      SERRMSG
                                        
00089F C93F CDC303          17  SERR99: CALL    PRTBYT
0008A2 C942 11F1C7          10          LD      DE,MSG99
                                        
       C945                     SERRMSG:
0008A5 C945 CD1500          17          CALL    MSGPR
0008A8 C948 CD0600          17          CALL    LETLN
0008AB C94B C1              10          POP     BC
0008AC C94C D1              10          POP     DE
0008AD C94D E1              10          POP     HL
                                ;**** ファイルネーム入力へ復帰 ****
0008AE C94E C3A7C8          10          JP      MLH6
                                
                                ;**** コマンド文字列比較 ****
       C951                     CMPSTR:
0008B1 C951 C5              11          PUSH    BC
0008B2 C952 D5              11          PUSH    DE
0008B3 C953 1A               7  CMP1:   LD      A,(DE)
0008B4 C954 BE               7          CP      (HL)
0008B5 C955 200B            12          JR      NZ,CMP2
0008B7 C957 05               4          DEC     B
0008B8 C958 2808            12          JR      Z,CMP2
0008BA C95A FE0D             7          CP      0Dh
0008BC C95C 2804            12          JR      Z,CMP2
0008BE C95E 13               6          INC     DE
0008BF C95F 23               6          INC     HL
0008C0 C960 18F1            12          JR      CMP1
0008C2 C962 D1              10  CMP2:   POP     DE
0008C3 C963 C1              10          POP     BC
0008C4 C964 C9              10          RET
                                
                                ;**** コマンドリスト ****
                                ; 将来拡張用
0008C5 C965 46444C0D            CMD1:   DB      'FDL',0DH
                                
                                
                                ;**************************** 04F8H MONITOR リード データ代替処理 ********************
       C969                     MLDAT:
0008C9 C969 D5              11          PUSH    DE
0008CA C96A C5              11          PUSH    BC
0008CB C96B E5              11          PUSH    HL
0008CC C96C 3E94             7          LD      A,94H      ;DATA LOADコマンド94H
0008CE C96E CD9DC9          17          CALL    MCMD       ;コマンドコード送信
0008D1 C971 A7               4          AND     A          ;00以外ならERROR
0008D2 C972 C2A9C9          10          JP      NZ,MERR
                                
0008D5 C975 CDB9C5          17          CALL    RCVBYTE    ;状態取得(00H=OK)
0008D8 C978 A7               4          AND     A          ;00以外ならERROR
0008D9 C979 C2A9C9          10          JP      NZ,MERR
                                
0008DC C97C CDB9C5          17          CALL    RCVBYTE    ;状態取得(00H=OK)
0008DF C97F A7               4          AND     A          ;00以外ならERROR
0008E0 C980 C2A9C9          10          JP      NZ,MERR
                                
0008E3 C983 110211          10          LD      DE,FSIZE   ;FSIZE送信
0008E6 C986 1A               7          LD      A,(DE)
0008E7 C987 CDCCC5          17          CALL    SNDBYTE
0008EA C98A 13               6          INC     DE
0008EB C98B 1A               7          LD      A,(DE)
0008EC C98C CDCCC5          17          CALL    SNDBYTE
0008EF C98F CDE0C1          17          CALL    DBRCV      ;FSIZE分のデータを受信し、SADRSから格納。分割ロードの場合、直前に0436HでOPENされたファイルを対象として256バイトずつSADRSが加算されて04F8HがCALLされる。
                                
0008F2 C992 CDB9C5          17          CALL    RCVBYTE    ;状態取得(00H=OK)
0008F5 C995 A7               4          AND     A          ;00以外ならERROR
0008F6 C996 C2A9C9          10          JP      NZ,MERR
                                
0008F9 C999 1809            12          JR      MRET       ;正常RETURN
                                
                                ;************************** 0588H VRFY CMT ベリファイ代替処理 *******************
       C99B                     MVRFY:
0008FB C99B AF               4          XOR     A          ;正常終了フラグ
                                
0008FC C99C C9              10          RET
                                
                                ;******* 代替処理用コマンドコード送信 (IN:A コマンドコード) **********
       C99D                     MCMD:
0008FD C99D CDCCC5          17          CALL    SNDBYTE    ;コマンドコード送信
000900 C9A0 CDB9C5          17          CALL    RCVBYTE    ;状態取得(00H=OK)
000903 C9A3 C9              10          RET
                                
                                ;****** 代替処理用正常RETURN処理 **********
000904 C9A4 E1              10  MRET:   POP     HL
000905 C9A5 C1              10          POP     BC
000906 C9A6 D1              10          POP     DE
000907 C9A7 AF               4          XOR     A          ;正常終了フラグ
                                        
000908 C9A8 C9              10          RET
                                
                                ;******* 代替処理用ERROR処理 **************
       C9A9                     MERR:
000909 C9A9 FEF0             7          CP      0F0H
00090B C9AB 2005            12          JR      NZ,MERR3
00090D C9AD 11B5C6          10          LD      DE,MSG_F0
000910 C9B0 180F            12          JR      MERRMSG
                                        
000912 C9B2 FEF1             7  MERR3:  CP      0F1H
000914 C9B4 2005            12          JR      NZ,MERR99
000916 C9B6 11CEC6          10          LD      DE,MSG_F1
000919 C9B9 1806            12          JR      MERRMSG
                                        
00091B C9BB CDC303          17  MERR99: CALL    PRTBYT
00091E C9BE 11F1C7          10          LD      DE,MSG99
                                        
       C9C1                     MERRMSG:
000921 C9C1 CD1500          17          CALL    MSGPR
000924 C9C4 CD0600          17          CALL    LETLN
000927 C9C7 E1              10          POP     HL
000928 C9C8 C1              10          POP     BC
000929 C9C9 D1              10          POP     DE
00092A C9CA 3E02             7          LD      A,02H
00092C C9CC 37               4          SCF
                                
00092D C9CD C9              10          RET
                                
                                
                                ;******************** 多段ロードCHECK *********************
       C9CE                     KZCHK:
00092E C9CE 3E96             7          LD      A,96H      ;継続ロードCHECKコマンド96H
000930 C9D0 CD9DC9          17          CALL    MCMD       ;コマンドコード送信
000933 C9D3 A7               4          AND     A          ;00以外ならERROR
000934 C9D4 C2A9C9          10          JP      NZ,MERR
                                
000937 C9D7 CDB9C5          17          CALL    RCVBYTE     ;多段ロードフラグ受け取り
00093A C9DA A7               4          AND     A           ;00以外なら通常LOAD
00093B C9DB C28BC8          10          JP      NZ,MLH00    ;多段ロードではない。通常処理にRETURN
                                
00093E C9DE C3E0C8          10          JP      MLH41       ;多段ロード処理。IFB受信へ
                                
       C9E1                     KZCHK2:
000941 C9E1 3E96             7          LD      A,96H
                                
000943 C9E3 CD0BC6          17          CALL    STCD       ;コマンドコード送信
000946 C9E6 A7               4          AND     A          ;00以外ならERROR
000947 C9E7 C25FC2          10          JP      NZ,SVERR
                                
00094A C9EA CDB9C5          17          CALL    RCVBYTE
00094D C9ED A7               4          AND     A
00094E C9EE 2033            12          JR      NZ,KZCHK3
                                
000950 C9F0 CDB9C5          17          CALL    RCVBYTE    ;状態取得(00H=OK)
000953 C9F3 A7               4          AND     A          ;00以外ならERROR
000954 C9F4 C25FC2          10          JP      NZ,SVERR
                                
000957 C9F7 CDB9C5          17          CALL    RCVBYTE    ;状態取得(00H=OK)
00095A C9FA A7               4          AND     A          ;00以外ならERROR
00095B C9FB C25FC2          10          JP      NZ,SVERR
                                
00095E C9FE 21F010          10          LD      HL,IBUFE
000961 CA01 0680             7          LD      B,80H
000963 CA03 CDB9C5          17  KZC5:   CALL    RCVBYTE    ;読みだされたインフォメーションブロックを受信
000966 CA06 77               7          LD      (HL),A
                                ;       CALL    PRTBYT
000967 CA07 23               6          INC     HL
000968 CA08 05               4          DEC     B
000969 CA09 20F8            12          JR      NZ,KZC5
                                
00096B CA0B CDB9C5          17          CALL    RCVBYTE    ;状態取得(00H=OK)
00096E CA0E A7               4          AND     A          ;00以外ならERROR
00096F CA0F C25FC2          10          JP      NZ,SVERR
                                
                                ;***** 0000h～CFFFhまでのロードを確保するためにロードルーチンだけをD400hに転送、SPをD7FFhに設定してD400hへジャンプ
000972 CA12 3100D8          10          LD      SP,0D800H
                                        
000975 CA15 212BCA          10          LD      HL,DBRCV0
000978 CA18 1100D4          10          LD      DE,DBRCV2
00097B CA1B 013B00          10          LD      BC,ENT6-DBRCV2
00097E CA1E EDB0                        LDIR
                                
000980 CA20 C300D4          10          JP      DBRCV2     ;データ受信
                                
000983 CA23 3E81             7  KZCHK3: LD      A,81H  ;LOADコマンド81H
000985 CA25 CD25C6          17          CALL    STCMD
000988 CA28 C38BC1          10          JP      SDLOAD2
                                
                                
       CA2B                     DBRCV0:
00098B D400                             ORG     0D400H
                                        
                                ;データ受信
00098B D400 2A0611          16  DBRCV2: LD      HL,(EXEAD)
00098E D403 E5              11          PUSH    HL
00098F D404 ED5B0211        20          LD      DE,(FSIZE)
000993 D408 2A0411          16          LD      HL,(SADRS)
000996 D40B CD1AD4          17  DBRLOP2:CALL    RCVBYTE2
000999 D40E 77               7          LD      (HL),A
00099A D40F 1B               6          DEC     DE
00099B D410 7A               4          LD      A,D
00099C D411 B3               4          OR      E
00099D D412 23               6          INC     HL
00099E D413 20F6            12          JR      NZ,DBRLOP2   ;DE=0までLOOP
                                
                                
0009A0 D415 E1              10  DBRLOP3:POP     HL
0009A1 D416 31F010          10          LD      SP,10F0H
                                
0009A4 D419 E9               4          JP      (HL)
                                
                                ;**** 1BYTE受信 ****
                                ;受信DATAをAレジスタにセットしてリターン
       D41A                     RCVBYTE2:
0009A5 D41A CD2DD4          17          CALL    F1CHK2      ;PORTC BIT7が1になるまでLOOP
0009A8 D41D DBD9            11          IN      A,(0D9h)   ;PORTB -> A
0009AA D41F F5              11          PUSH    AF
0009AB D420 3E05             7          LD      A,05H
0009AD D422 D3DB            11          OUT     (0DBH),A    ;PORTC BIT2 <- 1
0009AF D424 CD34D4          17          CALL    F2CHK2      ;PORTC BIT7が0になるまでLOOP
0009B2 D427 3E04             7          LD      A,04H
0009B4 D429 D3DB            11          OUT     (0DBH),A    ;PORTC BIT2 <- 0
0009B6 D42B F1              10          POP     AF
0009B7 D42C C9              10          RET
                                        
                                ;**** BUSYをCHECK(1) ****
                                ; 82H BIT7が1になるまでLOP
0009B8 D42D DBDA            11  F1CHK2: IN      A,(0DAH)
0009BA D42F E680             7          AND     80H        ;PORTC BIT7 = 1?
0009BC D431 28FA            12          JR      Z,F1CHK2
0009BE D433 C9              10          RET
                                
                                ;**** BUSYをCHECK(0) ****
                                ; 82H BIT7が0になるまでLOOP
0009BF D434 DBDA            11  F2CHK2: IN      A,(0DAH)
0009C1 D436 E680             7          AND     80H        ;PORTC BIT7 = 0?
0009C3 D438 20FA            12          JR      NZ,F2CHK2
0009C5 D43A C9              10          RET
                                
       D43B                     ENT6:
                                        END
[EOF:1Z-009B_SD.s:UTF_8]
